[backblue.gif]
[fade.gif]
[index.html]
[www.equationsmedia.com/images/logo.png]
[www.equationsmedia.com/images/it-technology.jpg]
[www.equationsmedia.com/images/education.jpg]
[www.equationsmedia.com/images/real-estate.jpg]
[www.equationsmedia.com/images/media.jpg]
[www.equationsmedia.com/images/lifestyle.jpg]
[www.equationsmedia.com/images/health.jpg]
[www.equationsmedia.com/images/hospitality.jpg]
[www.equationsmedia.com/images/corporates.jpg]
[www.equationsmedia.com/images/culture.jpg]
[www.equationsmedia.com/images/retail.jpg]
[www.equationsmedia.com/images/financial-services.jpg]
[www.equationsmedia.com/images/clients/client1.jpg]
[www.equationsmedia.com/images/clients/client2.jpg]
[www.equationsmedia.com/images/clients/client3.jpg]
[www.equationsmedia.com/images/clients/client4.jpg]
[www.equationsmedia.com/images/clients/client5.jpg]
[www.equationsmedia.com/images/clients/client6.jpg]
[www.equationsmedia.com/images/clients/client7.jpg]
[www.equationsmedia.com/images/clients/client8.jpg]
[www.equationsmedia.com/images/clients/client9.jpg]
[www.equationsmedia.com/images/clients/client10.jpg]
[www.equationsmedia.com/images/clients/client11.jpg]
[www.equationsmedia.com/images/clients/client12.jpg]
[www.equationsmedia.com/images/clients/client13.jpg]
[www.equationsmedia.com/images/clients/client14.jpg]
[www.equationsmedia.com/images/clients/client15.jpg]
[www.equationsmedia.com/images/clients/client16.jpg]
[www.equationsmedia.com/images/clients/client17.jpg]
[www.equationsmedia.com/images/left.png]
[www.equationsmedia.com/images/right.png]
[www.equationsmedia.com/images/testimonials/lomesh.jpg]
[www.equationsmedia.com/images/quotes.jpg]
[www.equationsmedia.com/images/testimonials/debayan.jpg]
[www.equationsmedia.com/images/testimonials/arvind.jpg]
[www.equationsmedia.com/images/testimonials/sandeep.jpg]
[www.equationsmedia.com/images/testimonials/pradipta.jpg]
[www.equationsmedia.com/images/testimonials/anirudh.jpg]
[www.equationsmedia.com/images/testimonials/pratik.jpg]
[www.equationsmedia.com/images/testimonials/hemang.jpg]
[www.equationsmedia.com/images/testimonials/chirag.jpg]
[www.equationsmedia.com/images/testimonials/pradeep.jpg]
[www.equationsmedia.com/js/jquery.min.js]
[www.equationsmedia.com/js/bootstrap.js]
[www.equationsmedia.com/js/init-particles.js]
[www.equationsmedia.com/js/plugins-min.js]
[www.equationsmedia.com/index.html]
[www.equationsmedia.com/fonts/glyphicons-halflings-regular.eot]
[www.equationsmedia.com/fonts/glyphicons-halflings-regulard41d.eot]
[www.equationsmedia.com/fonts/glyphicons-halflings-regular.woff2]
[www.equationsmedia.com/fonts/glyphicons-halflings-regular.woff]
[www.equationsmedia.com/fonts/glyphicons-halflings-regular.ttf]
[www.equationsmedia.com/css/bootstrap.css]
[www.equationsmedia.com/fonts/fontawesome-webfont3e6e.eot]
[www.equationsmedia.com/fonts/fontawesome-webfontd41d.eot]
[www.equationsmedia.com/fonts/fontawesome-webfont3e6e.woff2]
[www.equationsmedia.com/fonts/fontawesome-webfont3e6e.woff]
[www.equationsmedia.com/fonts/fontawesome-webfont3e6e.ttf]
[www.equationsmedia.com/css/font-awesome.css]
[www.equationsmedia.com/css/animate.min.css]
[www.equationsmedia.com/css/custom.css]
[www.equationsmedia.com/images/about-img/about-us.jpg]
[www.equationsmedia.com/images/about-img/culture1.jpg]
[www.equationsmedia.com/images/about-img/culture2.jpg]
[www.equationsmedia.com/images/about-img/culture3.jpg]
[www.equationsmedia.com/images/about-img/culture4.jpg]
[www.equationsmedia.com/images/about-img/culture5.jpg]
[www.equationsmedia.com/images/about-img/culture6.jpg]
[www.equationsmedia.com/images/about-img/culture7.jpg]
[www.equationsmedia.com/images/about-img/priyanka-profile.jpg]
[www.equationsmedia.com/images/about-img/why-us.jpg]
[www.equationsmedia.com/about-us.html]
[www.equationsmedia.com/images/services/our-services.jpg]
[www.equationsmedia.com/images/services/content-writing.jpg]
[www.equationsmedia.com/images/services/media-relations.jpg]
[www.equationsmedia.com/images/services/digital-marketing.jpg]
[www.equationsmedia.com/images/services/corporate-communication.jpg]
[www.equationsmedia.com/images/services/crisis-communication.jpg]
[www.equationsmedia.com/images/services/spoke-training.jpg]
[www.equationsmedia.com/images/services/influence.jpg]
[www.equationsmedia.com/our-services.html]
[www.equationsmedia.com/images/newsroom/newsrrom-banner.jpg]
[www.equationsmedia.com/images/newsroom/newsrrom-1.jpg]
[www.equationsmedia.com/images/newsroom/newsrrom-2.jpg]
[www.equationsmedia.com/images/newsroom/newsrrom-3.jpg]
[www.equationsmedia.com/images/newsroom/newsrrom-4.jpg]
[www.equationsmedia.com/images/newsroom/newsrrom-5.jpg]
[www.equationsmedia.com/images/newsroom/newsrrom-6.jpg]
[www.equationsmedia.com/images/newsroom/newsrrom-7.jpg]
[www.equationsmedia.com/images/newsroom/newsrrom-8.jpg]
[www.equationsmedia.com/images/newsroom/newsrrom-9.jpg]
[www.equationsmedia.com/images/newsroom/newsrrom-10.jpg]
[www.equationsmedia.com/images/newsroom/newsrrom-11.jpg]
[www.equationsmedia.com/images/newsroom/newsrrom-12.jpg]
[www.equationsmedia.com/newsroom.html]
[www.equationsmedia.com/contact-us.html]
[www.equationsmedia.com/blog.html]
[www.equationsmedia.com/index-2.html]
[www.equationsmedia.com/fonts/glyphicons-halflings-regular.svg]
[www.equationsmedia.com/fonts/fontawesome-webfont3e6e.svg]
